// Jest Snapshot v1, https://goo.gl/fbAQLP

exports[`renders correctly with expected args 1`] = `
<View
  onLayout={[Function]}
  style={
    Array [
      Object {
        "backgroundColor": "#00000080",
        "flex": 1,
        "justifyContent": "center",
      },
      Object {
        "paddingBottom": 0,
      },
    ]
  }
>
  <View
    accessible={true}
    isTVSelectable={true}
    onResponderGrant={[Function]}
    onResponderMove={[Function]}
    onResponderRelease={[Function]}
    onResponderTerminate={[Function]}
    onResponderTerminationRequest={[Function]}
    onStartShouldSetResponder={[Function]}
    style={
      Object {
        "flex": 1,
        "opacity": 1,
      }
    }
  >
    <View
      style={
        Object {
          "flex": 1,
          "justifyContent": "center",
          "marginHorizontal": 40,
        }
      }
    >
      <View
        style={
          Object {
            "backgroundColor": "lightgray",
            "borderRadius": 5,
            "paddingBottom": 5,
            "paddingTop": 5,
          }
        }
      >
        <View
          style={
            Array [
              Object {
                "alignItems": "center",
                "flexDirection": "row",
                "height": 40,
                "justifyContent": "space-between",
                "marginLeft": 5,
              },
              Object {
                "justifyContent": "center",
              },
            ]
          }
        >
          <Text
            style={
              Object {
                "color": "#C2272D",
                "fontSize": 18,
              }
            }
          >
            Add Event
          </Text>
        </View>
        <View
          style={
            Object {
              "alignItems": "center",
              "flexDirection": "row",
              "height": 40,
              "justifyContent": "space-between",
              "marginLeft": 5,
            }
          }
        >
          <Text
            style={
              Object {
                "color": "white",
              }
            }
          >
            All Day
          </Text>
          <RCTSwitch
            accessibilityRole="button"
            onChange={[Function]}
            onResponderTerminationRequest={[Function]}
            onStartShouldSetResponder={[Function]}
            onTintColor="#C2272D"
            style={
              Array [
                Object {
                  "height": 31,
                  "width": 51,
                },
                Object {
                  "transform": Array [
                    Object {
                      "scaleX": 0.8,
                    },
                    Object {
                      "scaleY": 0.8,
                    },
                  ],
                },
              ]
            }
            tintColor=""
            value={true}
          />
        </View>
        <View
          style={
            Object {
              "alignItems": "center",
              "flexDirection": "row",
              "height": 40,
              "justifyContent": "space-between",
              "marginLeft": 5,
            }
          }
        >
          <Text
            style={
              Object {
                "color": "white",
              }
            }
          >
            Date
          </Text>
          <View
            style={
              Object {
                "alignItems": "center",
                "backgroundColor": "lightgray",
                "flexDirection": "row",
                "justifyContent": "space-between",
              }
            }
          >
            <View
              style={
                Object {
                  "borderRadius": 3,
                }
              }
            >
              <View
                accessible={true}
                isTVSelectable={true}
                onResponderGrant={[Function]}
                onResponderMove={[Function]}
                onResponderRelease={[Function]}
                onResponderTerminate={[Function]}
                onResponderTerminationRequest={[Function]}
                onStartShouldSetResponder={[Function]}
                style={
                  Object {
                    "opacity": 1,
                  }
                }
              >
                <View
                  style={
                    Object {
                      "alignItems": "center",
                      "backgroundColor": "lightgray",
                      "borderColor": "#2089dc",
                      "borderRadius": 3,
                      "borderWidth": 0,
                      "flexDirection": "row",
                      "justifyContent": "center",
                      "padding": 8,
                    }
                  }
                >
                  <View>
                    <View
                      style={
                        Object {
                          "alignItems": "center",
                          "backgroundColor": "transparent",
                          "justifyContent": "center",
                        }
                      }
                      theme={
                        Object {
                          "colors": Object {
                            "disabled": "hsl(208, 8%, 90%)",
                            "divider": "#bcbbc1",
                            "error": "#ff190c",
                            "grey0": "#393e42",
                            "grey1": "#43484d",
                            "grey2": "#5e6977",
                            "grey3": "#86939e",
                            "grey4": "#bdc6cf",
                            "grey5": "#e1e8ee",
                            "greyOutline": "#bbb",
                            "platform": Object {
                              "android": Object {
                                "error": "#f44336",
                                "primary": "#2196f3",
                                "secondary": "#9C27B0",
                                "success": "#4caf50",
                                "warning": "#ffeb3b",
                              },
                              "ios": Object {
                                "error": "#ff3b30",
                                "primary": "#007aff",
                                "secondary": "#5856d6",
                                "success": "#4cd964",
                                "warning": "#ffcc00",
                              },
                            },
                            "primary": "#2089dc",
                            "searchBg": "#303337",
                            "secondary": "#8F0CE8",
                            "success": "#52c41a",
                            "warning": "#faad14",
                          },
                        }
                      }
                      underlayColor="white"
                    >
                      <Text
                        allowFontScaling={false}
                        style={
                          Array [
                            Object {
                              "color": "#C2272D",
                              "fontSize": 18,
                            },
                            Object {
                              "backgroundColor": "transparent",
                            },
                            Object {
                              "fontFamily": "Material Design Icons",
                              "fontStyle": "normal",
                              "fontWeight": "normal",
                            },
                            Object {},
                          ]
                        }
                        testID="iconIcon"
                      >
                        ïƒ­
                      </Text>
                    </View>
                  </View>
                  <Text
                    style={
                      Object {
                        "color": "white",
                        "fontSize": 14,
                        "marginLeft": 5,
                        "paddingBottom": 1,
                        "paddingTop": 2,
                        "textAlign": "center",
                      }
                    }
                  >
                    25-12-2005
                  </Text>
                </View>
              </View>
            </View>
            <Modal
              animationType="none"
              hardwareAccelerated={false}
              hideModalContentWhileAnimating={false}
              onModalHide={[Function]}
              onModalWillHide={[Function]}
              onModalWillShow={[Function]}
              onRequestClose={[Function]}
              scrollOffset={0}
              scrollOffsetMax={0}
              scrollTo={null}
              supportedOrientations={
                Array [
                  "portrait",
                  "landscape",
                ]
              }
              swipeThreshold={100}
              transparent={true}
              visible={false}
            >
              <View
                accessible={true}
                onResponderGrant={[Function]}
                onResponderMove={[Function]}
                onResponderRelease={[Function]}
                onResponderTerminate={[Function]}
                onResponderTerminationRequest={[Function]}
                onStartShouldSetResponder={[Function]}
                style={
                  Object {
                    "backgroundColor": "black",
                    "bottom": 0,
                    "height": 1334,
                    "left": 0,
                    "opacity": 0,
                    "position": "absolute",
                    "right": 0,
                    "top": 0,
                    "width": 750,
                  }
                }
              />
              <View
                hideModalContentWhileAnimating={false}
                onModalHide={[Function]}
                onModalWillHide={[Function]}
                onModalWillShow={[Function]}
                pointerEvents="box-none"
                scrollOffset={0}
                scrollOffsetMax={0}
                scrollTo={null}
                style={
                  Object {
                    "flex": 1,
                    "justifyContent": "flex-end",
                    "margin": 10,
                    "transform": Array [
                      Object {
                        "translateY": 0,
                      },
                    ],
                  }
                }
                supportedOrientations={
                  Array [
                    "portrait",
                    "landscape",
                  ]
                }
                swipeThreshold={100}
              >
                <View
                  style={
                    Array [
                      Object {
                        "backgroundColor": "white",
                        "borderRadius": 13,
                        "marginBottom": 8,
                        "overflow": "hidden",
                      },
                      undefined,
                    ]
                  }
                >
                  <View
                    style={
                      Object {
                        "backgroundColor": "transparent",
                        "borderBottomColor": "#d5d5d5",
                        "borderBottomWidth": 0.5,
                        "padding": 14,
                      }
                    }
                  >
                    <Text
                      style={
                        Array [
                          Object {
                            "color": "#8f8f8f",
                            "fontSize": 13,
                            "textAlign": "center",
                          },
                          undefined,
                        ]
                      }
                    >
                      Pick a date
                    </Text>
                  </View>
                  <View
                    onStartShouldSetResponderCapture={[Function]}
                  >
                    <View>
                      <RCTDatePicker
                        date={1135504800000}
                        minuteInterval={1}
                        mode="date"
                        onChange={[Function]}
                        onResponderTerminationRequest={[Function]}
                        onStartShouldSetResponder={[Function]}
                        style={
                          Object {
                            "height": 216,
                          }
                        }
                      />
                    </View>
                  </View>
                  <View
                    accessible={true}
                    isTVSelectable={true}
                    onResponderGrant={[Function]}
                    onResponderMove={[Function]}
                    onResponderRelease={[Function]}
                    onResponderTerminate={[Function]}
                    onResponderTerminationRequest={[Function]}
                    onStartShouldSetResponder={[Function]}
                    style={
                      Object {
                        "backgroundColor": "transparent",
                        "borderColor": "#d5d5d5",
                        "borderTopWidth": 0.5,
                        "height": 57,
                        "justifyContent": "center",
                      }
                    }
                  >
                    <Text
                      style={
                        Array [
                          Object {
                            "backgroundColor": "transparent",
                            "color": "#007ff9",
                            "fontSize": 20,
                            "fontWeight": "normal",
                            "textAlign": "center",
                          },
                          undefined,
                        ]
                      }
                    >
                      Confirm
                    </Text>
                  </View>
                </View>
                <View
                  accessible={true}
                  isTVSelectable={true}
                  onResponderGrant={[Function]}
                  onResponderMove={[Function]}
                  onResponderRelease={[Function]}
                  onResponderTerminate={[Function]}
                  onResponderTerminationRequest={[Function]}
                  onStartShouldSetResponder={[Function]}
                  style={
                    Object {
                      "backgroundColor": "white",
                      "borderRadius": 13,
                      "height": 57,
                      "justifyContent": "center",
                      "marginBottom": 0,
                    }
                  }
                >
                  <Text
                    style={
                      Array [
                        Object {
                          "backgroundColor": "transparent",
                          "color": "#007ff9",
                          "fontSize": 20,
                          "fontWeight": "600",
                          "padding": 10,
                          "textAlign": "center",
                        },
                        undefined,
                      ]
                    }
                  >
                    Cancel
                  </Text>
                </View>
              </View>
            </Modal>
          </View>
        </View>
        <View
          style={
            Object {
              "alignItems": "center",
              "flexDirection": "row",
              "height": 0,
              "justifyContent": "space-between",
              "marginLeft": 5,
              "opacity": 0,
            }
          }
        >
          <Text
            style={
              Object {
                "color": "white",
              }
            }
          >
            To
          </Text>
          <View
            style={
              Object {
                "alignItems": "center",
                "backgroundColor": "lightgray",
                "flexDirection": "row",
                "justifyContent": "space-between",
              }
            }
          >
            <View
              style={
                Object {
                  "borderRadius": 3,
                }
              }
            >
              <View
                accessible={true}
                isTVSelectable={true}
                onResponderGrant={[Function]}
                onResponderMove={[Function]}
                onResponderRelease={[Function]}
                onResponderTerminate={[Function]}
                onResponderTerminationRequest={[Function]}
                onStartShouldSetResponder={[Function]}
                style={
                  Object {
                    "opacity": 1,
                  }
                }
              >
                <View
                  style={
                    Object {
                      "alignItems": "center",
                      "backgroundColor": "lightgray",
                      "borderColor": "#2089dc",
                      "borderRadius": 3,
                      "borderWidth": 0,
                      "flexDirection": "row",
                      "justifyContent": "center",
                      "padding": 8,
                    }
                  }
                >
                  <View>
                    <View
                      style={
                        Object {
                          "alignItems": "center",
                          "backgroundColor": "transparent",
                          "justifyContent": "center",
                        }
                      }
                      theme={
                        Object {
                          "colors": Object {
                            "disabled": "hsl(208, 8%, 90%)",
                            "divider": "#bcbbc1",
                            "error": "#ff190c",
                            "grey0": "#393e42",
                            "grey1": "#43484d",
                            "grey2": "#5e6977",
                            "grey3": "#86939e",
                            "grey4": "#bdc6cf",
                            "grey5": "#e1e8ee",
                            "greyOutline": "#bbb",
                            "platform": Object {
                              "android": Object {
                                "error": "#f44336",
                                "primary": "#2196f3",
                                "secondary": "#9C27B0",
                                "success": "#4caf50",
                                "warning": "#ffeb3b",
                              },
                              "ios": Object {
                                "error": "#ff3b30",
                                "primary": "#007aff",
                                "secondary": "#5856d6",
                                "success": "#4cd964",
                                "warning": "#ffcc00",
                              },
                            },
                            "primary": "#2089dc",
                            "searchBg": "#303337",
                            "secondary": "#8F0CE8",
                            "success": "#52c41a",
                            "warning": "#faad14",
                          },
                        }
                      }
                      underlayColor="white"
                    >
                      <Text
                        allowFontScaling={false}
                        style={
                          Array [
                            Object {
                              "color": "#C2272D",
                              "fontSize": 18,
                            },
                            Object {
                              "backgroundColor": "transparent",
                            },
                            Object {
                              "fontFamily": "Material Design Icons",
                              "fontStyle": "normal",
                              "fontWeight": "normal",
                            },
                            Object {},
                          ]
                        }
                        testID="iconIcon"
                      >
                        ïƒ­
                      </Text>
                    </View>
                  </View>
                  <Text
                    style={
                      Object {
                        "color": "white",
                        "fontSize": 14,
                        "marginLeft": 5,
                        "paddingBottom": 1,
                        "paddingTop": 2,
                        "textAlign": "center",
                      }
                    }
                  >
                    25-12-2005
                  </Text>
                </View>
              </View>
            </View>
            <Modal
              animationType="none"
              hardwareAccelerated={false}
              hideModalContentWhileAnimating={false}
              onModalHide={[Function]}
              onModalWillHide={[Function]}
              onModalWillShow={[Function]}
              onRequestClose={[Function]}
              scrollOffset={0}
              scrollOffsetMax={0}
              scrollTo={null}
              supportedOrientations={
                Array [
                  "portrait",
                  "landscape",
                ]
              }
              swipeThreshold={100}
              transparent={true}
              visible={false}
            >
              <View
                accessible={true}
                onResponderGrant={[Function]}
                onResponderMove={[Function]}
                onResponderRelease={[Function]}
                onResponderTerminate={[Function]}
                onResponderTerminationRequest={[Function]}
                onStartShouldSetResponder={[Function]}
                style={
                  Object {
                    "backgroundColor": "black",
                    "bottom": 0,
                    "height": 1334,
                    "left": 0,
                    "opacity": 0,
                    "position": "absolute",
                    "right": 0,
                    "top": 0,
                    "width": 750,
                  }
                }
              />
              <View
                hideModalContentWhileAnimating={false}
                onModalHide={[Function]}
                onModalWillHide={[Function]}
                onModalWillShow={[Function]}
                pointerEvents="box-none"
                scrollOffset={0}
                scrollOffsetMax={0}
                scrollTo={null}
                style={
                  Object {
                    "flex": 1,
                    "justifyContent": "flex-end",
                    "margin": 10,
                    "transform": Array [
                      Object {
                        "translateY": 0,
                      },
                    ],
                  }
                }
                supportedOrientations={
                  Array [
                    "portrait",
                    "landscape",
                  ]
                }
                swipeThreshold={100}
              >
                <View
                  style={
                    Array [
                      Object {
                        "backgroundColor": "white",
                        "borderRadius": 13,
                        "marginBottom": 8,
                        "overflow": "hidden",
                      },
                      undefined,
                    ]
                  }
                >
                  <View
                    style={
                      Object {
                        "backgroundColor": "transparent",
                        "borderBottomColor": "#d5d5d5",
                        "borderBottomWidth": 0.5,
                        "padding": 14,
                      }
                    }
                  >
                    <Text
                      style={
                        Array [
                          Object {
                            "color": "#8f8f8f",
                            "fontSize": 13,
                            "textAlign": "center",
                          },
                          undefined,
                        ]
                      }
                    >
                      Pick a date
                    </Text>
                  </View>
                  <View
                    onStartShouldSetResponderCapture={[Function]}
                  >
                    <View>
                      <RCTDatePicker
                        date={1135526400000}
                        minuteInterval={1}
                        mode="date"
                        onChange={[Function]}
                        onResponderTerminationRequest={[Function]}
                        onStartShouldSetResponder={[Function]}
                        style={
                          Object {
                            "height": 216,
                          }
                        }
                      />
                    </View>
                  </View>
                  <View
                    accessible={true}
                    isTVSelectable={true}
                    onResponderGrant={[Function]}
                    onResponderMove={[Function]}
                    onResponderRelease={[Function]}
                    onResponderTerminate={[Function]}
                    onResponderTerminationRequest={[Function]}
                    onStartShouldSetResponder={[Function]}
                    style={
                      Object {
                        "backgroundColor": "transparent",
                        "borderColor": "#d5d5d5",
                        "borderTopWidth": 0.5,
                        "height": 57,
                        "justifyContent": "center",
                      }
                    }
                  >
                    <Text
                      style={
                        Array [
                          Object {
                            "backgroundColor": "transparent",
                            "color": "#007ff9",
                            "fontSize": 20,
                            "fontWeight": "normal",
                            "textAlign": "center",
                          },
                          undefined,
                        ]
                      }
                    >
                      Confirm
                    </Text>
                  </View>
                </View>
                <View
                  accessible={true}
                  isTVSelectable={true}
                  onResponderGrant={[Function]}
                  onResponderMove={[Function]}
                  onResponderRelease={[Function]}
                  onResponderTerminate={[Function]}
                  onResponderTerminationRequest={[Function]}
                  onStartShouldSetResponder={[Function]}
                  style={
                    Object {
                      "backgroundColor": "white",
                      "borderRadius": 13,
                      "height": 57,
                      "justifyContent": "center",
                      "marginBottom": 0,
                    }
                  }
                >
                  <Text
                    style={
                      Array [
                        Object {
                          "backgroundColor": "transparent",
                          "color": "#007ff9",
                          "fontSize": 20,
                          "fontWeight": "600",
                          "padding": 10,
                          "textAlign": "center",
                        },
                        undefined,
                      ]
                    }
                  >
                    Cancel
                  </Text>
                </View>
              </View>
            </Modal>
          </View>
        </View>
        <TextInput
          allowFontScaling={true}
          autoFocus={true}
          onBlur={[Function]}
          onChangeText={[Function]}
          placeholder="Title"
          rejectResponderTermination={true}
          style={
            Object {
              "backgroundColor": "beige",
              "color": "darkgray",
              "height": 40,
              "padding": 5,
            }
          }
          underlineColorAndroid="transparent"
          value=""
        />
        <View
          style={
            Object {
              "alignItems": "center",
              "flexDirection": "row",
              "justifyContent": "space-evenly",
            }
          }
        >
          <View
            style={
              Object {
                "borderRadius": 3,
              }
            }
          >
            <View
              accessible={true}
              isTVSelectable={true}
              onResponderGrant={[Function]}
              onResponderMove={[Function]}
              onResponderRelease={[Function]}
              onResponderTerminate={[Function]}
              onResponderTerminationRequest={[Function]}
              onStartShouldSetResponder={[Function]}
              style={
                Object {
                  "opacity": 1,
                }
              }
            >
              <View
                style={
                  Object {
                    "alignItems": "center",
                    "backgroundColor": "lightgray",
                    "borderColor": "#2089dc",
                    "borderRadius": 3,
                    "borderWidth": 0,
                    "flexDirection": "row",
                    "justifyContent": "center",
                    "padding": 8,
                  }
                }
              >
                <View>
                  <View
                    style={
                      Object {
                        "alignItems": "center",
                        "backgroundColor": "transparent",
                        "justifyContent": "center",
                      }
                    }
                    theme={
                      Object {
                        "colors": Object {
                          "disabled": "hsl(208, 8%, 90%)",
                          "divider": "#bcbbc1",
                          "error": "#ff190c",
                          "grey0": "#393e42",
                          "grey1": "#43484d",
                          "grey2": "#5e6977",
                          "grey3": "#86939e",
                          "grey4": "#bdc6cf",
                          "grey5": "#e1e8ee",
                          "greyOutline": "#bbb",
                          "platform": Object {
                            "android": Object {
                              "error": "#f44336",
                              "primary": "#2196f3",
                              "secondary": "#9C27B0",
                              "success": "#4caf50",
                              "warning": "#ffeb3b",
                            },
                            "ios": Object {
                              "error": "#ff3b30",
                              "primary": "#007aff",
                              "secondary": "#5856d6",
                              "success": "#4cd964",
                              "warning": "#ffcc00",
                            },
                          },
                          "primary": "#2089dc",
                          "searchBg": "#303337",
                          "secondary": "#8F0CE8",
                          "success": "#52c41a",
                          "warning": "#faad14",
                        },
                      }
                    }
                    underlayColor="white"
                  >
                    <Text
                      allowFontScaling={false}
                      style={
                        Array [
                          Object {
                            "color": "#C2272D",
                            "fontSize": 20,
                          },
                          Object {
                            "backgroundColor": "transparent",
                          },
                          Object {
                            "fontFamily": "Material Design Icons",
                            "fontStyle": "normal",
                            "fontWeight": "normal",
                          },
                          Object {},
                        ]
                      }
                      testID="iconIcon"
                    >
                      ï…™
                    </Text>
                  </View>
                </View>
                <Text
                  style={
                    Object {
                      "color": "white",
                      "fontSize": 16,
                      "marginLeft": 5,
                      "paddingBottom": 1,
                      "paddingTop": 2,
                      "textAlign": "center",
                    }
                  }
                >
                  Cancel
                </Text>
              </View>
            </View>
          </View>
          <View
            style={
              Object {
                "borderRadius": 3,
              }
            }
          >
            <View
              accessible={true}
              isTVSelectable={true}
              onResponderGrant={[Function]}
              onResponderMove={[Function]}
              onResponderRelease={[Function]}
              onResponderTerminate={[Function]}
              onResponderTerminationRequest={[Function]}
              onStartShouldSetResponder={[Function]}
              style={
                Object {
                  "opacity": 1,
                }
              }
            >
              <View
                style={
                  Object {
                    "alignItems": "center",
                    "backgroundColor": "lightgray",
                    "borderColor": "#2089dc",
                    "borderRadius": 3,
                    "borderWidth": 0,
                    "flexDirection": "row",
                    "justifyContent": "center",
                    "padding": 8,
                  }
                }
              >
                <View>
                  <View
                    style={
                      Object {
                        "alignItems": "center",
                        "backgroundColor": "transparent",
                        "justifyContent": "center",
                      }
                    }
                    theme={
                      Object {
                        "colors": Object {
                          "disabled": "hsl(208, 8%, 90%)",
                          "divider": "#bcbbc1",
                          "error": "#ff190c",
                          "grey0": "#393e42",
                          "grey1": "#43484d",
                          "grey2": "#5e6977",
                          "grey3": "#86939e",
                          "grey4": "#bdc6cf",
                          "grey5": "#e1e8ee",
                          "greyOutline": "#bbb",
                          "platform": Object {
                            "android": Object {
                              "error": "#f44336",
                              "primary": "#2196f3",
                              "secondary": "#9C27B0",
                              "success": "#4caf50",
                              "warning": "#ffeb3b",
                            },
                            "ios": Object {
                              "error": "#ff3b30",
                              "primary": "#007aff",
                              "secondary": "#5856d6",
                              "success": "#4cd964",
                              "warning": "#ffcc00",
                            },
                          },
                          "primary": "#2089dc",
                          "searchBg": "#303337",
                          "secondary": "#8F0CE8",
                          "success": "#52c41a",
                          "warning": "#faad14",
                        },
                      }
                    }
                    underlayColor="white"
                  >
                    <Text
                      allowFontScaling={false}
                      style={
                        Array [
                          Object {
                            "color": "#C2272D",
                            "fontSize": 20,
                          },
                          Object {
                            "backgroundColor": "transparent",
                          },
                          Object {
                            "fontFamily": "Material Design Icons",
                            "fontStyle": "normal",
                            "fontWeight": "normal",
                          },
                          Object {},
                        ]
                      }
                      testID="iconIcon"
                    >
                      ïƒ³
                    </Text>
                  </View>
                </View>
                <Text
                  style={
                    Object {
                      "color": "white",
                      "fontSize": 16,
                      "marginLeft": 5,
                      "paddingBottom": 1,
                      "paddingTop": 2,
                      "textAlign": "center",
                    }
                  }
                >
                  Add
                </Text>
              </View>
            </View>
          </View>
        </View>
      </View>
    </View>
  </View>
</View>
`;
