// Jest Snapshot v1, https://goo.gl/fbAQLP

exports[`renders correctly with expected args 1`] = `
<View>
  <View
    style={
      Object {
        "alignItems": "center",
        "backgroundColor": "lightgray",
        "borderBottomColor": "gray",
        "borderBottomWidth": 1,
        "borderColor": "#bcbbc1",
        "flexDirection": "row",
        "padding": 14,
      }
    }
  >
    <View
      style={
        Object {
          "flex": 1,
          "justifyContent": "center",
        }
      }
    >
      <Text
        style={
          Object {
            "backgroundColor": "transparent",
            "color": "white",
            "fontSize": 17,
          }
        }
        testID="listItemTitle"
        theme={
          Object {
            "colors": Object {
              "disabled": "hsl(208, 8%, 90%)",
              "divider": "#bcbbc1",
              "error": "#ff190c",
              "grey0": "#393e42",
              "grey1": "#43484d",
              "grey2": "#5e6977",
              "grey3": "#86939e",
              "grey4": "#bdc6cf",
              "grey5": "#e1e8ee",
              "greyOutline": "#bbb",
              "platform": Object {
                "android": Object {
                  "error": "#f44336",
                  "primary": "#2196f3",
                  "secondary": "#9C27B0",
                  "success": "#4caf50",
                  "warning": "#ffeb3b",
                },
                "ios": Object {
                  "error": "#ff3b30",
                  "primary": "#007aff",
                  "secondary": "#5856d6",
                  "success": "#4cd964",
                  "warning": "#ffcc00",
                },
              },
              "primary": "#2089dc",
              "searchBg": "#303337",
              "secondary": "#8F0CE8",
              "success": "#52c41a",
              "warning": "#faad14",
            },
          }
        }
      >
        string
      </Text>
      <Text
        style={
          Object {
            "backgroundColor": "transparent",
            "color": "white",
            "fontSize": 10,
            "marginVertical": 5,
          }
        }
        theme={
          Object {
            "colors": Object {
              "disabled": "hsl(208, 8%, 90%)",
              "divider": "#bcbbc1",
              "error": "#ff190c",
              "grey0": "#393e42",
              "grey1": "#43484d",
              "grey2": "#5e6977",
              "grey3": "#86939e",
              "grey4": "#bdc6cf",
              "grey5": "#e1e8ee",
              "greyOutline": "#bbb",
              "platform": Object {
                "android": Object {
                  "error": "#f44336",
                  "primary": "#2196f3",
                  "secondary": "#9C27B0",
                  "success": "#4caf50",
                  "warning": "#ffeb3b",
                },
                "ios": Object {
                  "error": "#ff3b30",
                  "primary": "#007aff",
                  "secondary": "#5856d6",
                  "success": "#4cd964",
                  "warning": "#ffcc00",
                },
              },
              "primary": "#2089dc",
              "searchBg": "#303337",
              "secondary": "#8F0CE8",
              "success": "#52c41a",
              "warning": "#faad14",
            },
          }
        }
      >
        string
      </Text>
    </View>
    <View
      width={16}
    />
    <RCTSwitch
      accessibilityRole="button"
      onChange={[Function]}
      onResponderTerminationRequest={[Function]}
      onStartShouldSetResponder={[Function]}
      onTintColor="string"
      style={
        Array [
          Object {
            "height": 31,
            "width": 51,
          },
          Object {
            "transform": Array [
              Object {
                "scaleX": 0.8,
              },
              Object {
                "scaleY": 0.8,
              },
            ],
          },
        ]
      }
      tintColor="string"
      value={false}
    />
  </View>
</View>
`;
